<?xml version="1.0" encoding="utf-8"?><testsuites name="pytest tests"><testsuite name="pytest" errors="0" failures="0" skipped="0" tests="0" time="0.012" timestamp="2025-12-24T14:47:51.075249+03:00" hostname="Muhammet" /></testsuites>